../Core/Src/main.c:78:5:_write	32	static
../Core/Src/main.c:93:6:I2C_scan	16	static
../Core/Src/main.c:113:5:main	6072	static
../Core/Src/main.c:208:6:SystemClock_Config	96	static
../Core/Src/main.c:258:13:MX_I2C1_Init	8	static
../Core/Src/main.c:306:13:MX_USART2_UART_Init	8	static
../Core/Src/main.c:341:13:MX_USART3_UART_Init	8	static
../Core/Src/main.c:374:13:MX_DMA_Init	16	static
../Core/Src/main.c:392:13:MX_GPIO_Init	24	static
../Core/Src/main.c:417:6:Error_Handler	4	static,ignoring_inline_asm
