../Core/Src/main.c:102:5:main	80	static
../Core/Src/main.c:205:6:SystemClock_Config	96	static
../Core/Src/main.c:255:13:MX_I2C1_Init	8	static
../Core/Src/main.c:303:13:MX_USART2_UART_Init	8	static
../Core/Src/main.c:338:13:MX_USART3_UART_Init	8	static
../Core/Src/main.c:371:13:MX_DMA_Init	16	static
../Core/Src/main.c:396:13:MX_GPIO_Init	48	static
../Core/Src/main.c:425:5:_write	32	static
../Core/Src/main.c:440:6:I2C_scan	16	static
../Core/Src/main.c:453:6:HAL_GPIO_EXTI_Callback	24	static
../Core/Src/main.c:463:6:HAL_I2C_MemRxCpltCallback	16	static
../Core/Src/main.c:470:6:BNO055_SysCheck	168	static
../Core/Src/main.c:513:6:Error_Handler	4	static,ignoring_inline_asm
